Component: ARM Compiler 5.06 update 6 (build 750) Tool: armlink [4d35ed]

==============================================================================

Section Cross References

    mian.o(i.main) refers to sys.o(i.Stm32_Clock_Init) for Stm32_Clock_Init
    mian.o(i.main) refers to tim2.o(i.init_tim2) for init_tim2
    mian.o(i.main) refers to usart1.o(i.usart_init) for usart_init
    mian.o(i.main) refers to delay.o(i.delay_init) for delay_init
    mian.o(i.main) refers to adc.o(i.Adc_Init) for Adc_Init
    mian.o(i.main) refers to adc.o(i.Get_Adc_Average) for Get_Adc_Average
    mian.o(i.main) refers to mian.o(i.ReadCount) for ReadCount
    mian.o(i.main) refers to dfltui.o(.text) for __aeabi_ui2d
    mian.o(i.main) refers to dmul.o(.text) for __aeabi_dmul
    mian.o(i.main) refers to ddiv.o(.text) for __aeabi_ddiv
    mian.o(i.main) refers to d2f.o(.text) for __aeabi_d2f
    mian.o(i.main) refers to ffltui.o(.text) for __aeabi_ui2f
    mian.o(i.main) refers to fmul.o(.text) for __aeabi_fmul
    mian.o(i.main) refers to ano.o(i.ANO_send) for ANO_send
    mian.o(i.main) refers to delay.o(i.delay_ms) for delay_ms
    usart1.o(i.PcTx_String) refers to usart1.o(i.PcTx_Byte) for PcTx_Byte
    usart1.o(i.Task_Pc) refers to memseta.o(.text) for __aeabi_memclr
    usart1.o(i.Task_Pc) refers to usart1.o(.data) for Rx_End
    usart1.o(i.Task_Pc) refers to usart1.o(.bss) for Rx_Buf
    usart1.o(i.USART1_IRQHandler) refers to usart1.o(.data) for Rx_End
    usart1.o(i.USART1_IRQHandler) refers to usart1.o(.bss) for Rx_Buf
    usart1.o(i.usart_init) refers to ffltui.o(.text) for __aeabi_ui2f
    usart1.o(i.usart_init) refers to fdiv.o(.text) for __aeabi_fdiv
    usart1.o(i.usart_init) refers to ffixui.o(.text) for __aeabi_f2uiz
    usart1.o(i.usart_init) refers to fadd.o(.text) for __aeabi_frsub
    usart1.o(i.usart_init) refers to fmul.o(.text) for __aeabi_fmul
    tim2.o(i.TIM2_IRQHandler) refers to tim2.o(.data) for send_flag
    usart3.o(i.PcTx_String3) refers to usart3.o(i.PcTx_Byte3) for PcTx_Byte3
    usart3.o(i.PcTx_String3x) refers to usart3.o(i.PcTx_Byte3) for PcTx_Byte3
    usart3.o(i.PcTx_String3x) refers to usart2.o(.data) for Rx_Len2
    usart3.o(i.Task_Pc3) refers to memseta.o(.text) for __aeabi_memclr
    usart3.o(i.Task_Pc3) refers to usart3.o(.data) for Rx_End3
    usart3.o(i.Task_Pc3) refers to usart3.o(.bss) for Rx_Buf3
    usart3.o(i.USART3_IRQHandler) refers to usart3.o(.data) for Rx_End3
    usart3.o(i.USART3_IRQHandler) refers to usart3.o(.bss) for Rx_Buf3
    usart3.o(i.usart3_init) refers to ffltui.o(.text) for __aeabi_ui2f
    usart3.o(i.usart3_init) refers to fdiv.o(.text) for __aeabi_fdiv
    usart3.o(i.usart3_init) refers to ffixui.o(.text) for __aeabi_f2uiz
    usart3.o(i.usart3_init) refers to fadd.o(.text) for __aeabi_frsub
    usart3.o(i.usart3_init) refers to fmul.o(.text) for __aeabi_fmul
    usart2.o(i.PcTx_String2) refers to usart2.o(i.PcTx_Byte2) for PcTx_Byte2
    usart2.o(i.Task_Pc2) refers to memseta.o(.text) for __aeabi_memclr
    usart2.o(i.Task_Pc2) refers to usart2.o(.data) for Rx_End2
    usart2.o(i.Task_Pc2) refers to usart2.o(.bss) for Rx_Buf2
    usart2.o(i.USART2_IRQHandler) refers to usart2.o(.data) for Rx_End2
    usart2.o(i.USART2_IRQHandler) refers to usart2.o(.bss) for Rx_Buf2
    usart2.o(i.set) refers to usart2.o(i.PcTx_Byte2) for PcTx_Byte2
    usart2.o(i.usart2_init) refers to ffltui.o(.text) for __aeabi_ui2f
    usart2.o(i.usart2_init) refers to fdiv.o(.text) for __aeabi_fdiv
    usart2.o(i.usart2_init) refers to ffixui.o(.text) for __aeabi_f2uiz
    usart2.o(i.usart2_init) refers to fadd.o(.text) for __aeabi_frsub
    usart2.o(i.usart2_init) refers to fmul.o(.text) for __aeabi_fmul
    adc.o(i.Get_Adc_Average) refers to adc.o(i.Get_Adc) for Get_Adc
    delay.o(i.delay_init) refers to delay.o(.data) for fac_us
    delay.o(i.delay_ms) refers to delay.o(.data) for fac_ms
    delay.o(i.delay_us) refers to delay.o(.data) for fac_us
    sys.o(i.MYRCC_DeInit) refers to sys.o(i.MY_NVIC_SetVectorTable) for MY_NVIC_SetVectorTable
    sys.o(i.MY_NVIC_Init) refers to sys.o(i.MY_NVIC_PriorityGroupConfig) for MY_NVIC_PriorityGroupConfig
    sys.o(i.Stm32_Clock_Init) refers to sys.o(i.MYRCC_DeInit) for MYRCC_DeInit
    sys.o(i.Sys_Standby) refers to sys.o(i.WFI_SET) for WFI_SET
    ano.o(i.ANO_report) refers to memseta.o(.text) for __aeabi_memclr4
    ano.o(i.ANO_report) refers to usart1.o(i.PcTx_Byte) for PcTx_Byte
    ano.o(i.ANO_send) refers to memseta.o(.text) for __aeabi_memclr4
    ano.o(i.ANO_send) refers to ano.o(i.ANO_report) for ANO_report
    startup_stm32f10x_hd.o(RESET) refers to startup_stm32f10x_hd.o(STACK) for __initial_sp
    startup_stm32f10x_hd.o(RESET) refers to startup_stm32f10x_hd.o(.text) for Reset_Handler
    startup_stm32f10x_hd.o(RESET) refers to tim2.o(i.TIM2_IRQHandler) for TIM2_IRQHandler
    startup_stm32f10x_hd.o(RESET) refers to usart1.o(i.USART1_IRQHandler) for USART1_IRQHandler
    startup_stm32f10x_hd.o(RESET) refers to usart2.o(i.USART2_IRQHandler) for USART2_IRQHandler
    startup_stm32f10x_hd.o(RESET) refers to usart3.o(i.USART3_IRQHandler) for USART3_IRQHandler
    startup_stm32f10x_hd.o(.text) refers to system_stm32f10x.o(i.SystemInit) for SystemInit
    startup_stm32f10x_hd.o(.text) refers to entry.o(.ARM.Collect$$$$00000000) for __main
    system_stm32f10x.o(i.SetSysClock) refers to system_stm32f10x.o(i.SetSysClockTo72) for SetSysClockTo72
    system_stm32f10x.o(i.SystemCoreClockUpdate) refers to system_stm32f10x.o(.data) for SystemCoreClock
    system_stm32f10x.o(i.SystemInit) refers to system_stm32f10x.o(i.SetSysClock) for SetSysClock
    entry.o(.ARM.Collect$$$$00000000) refers (Special) to entry10a.o(.ARM.Collect$$$$0000000D) for __rt_final_cpp
    entry.o(.ARM.Collect$$$$00000000) refers (Special) to entry11a.o(.ARM.Collect$$$$0000000F) for __rt_final_exit
    entry.o(.ARM.Collect$$$$00000000) refers (Special) to entry7b.o(.ARM.Collect$$$$00000008) for _main_clock
    entry.o(.ARM.Collect$$$$00000000) refers (Special) to entry8b.o(.ARM.Collect$$$$0000000A) for _main_cpp_init
    entry.o(.ARM.Collect$$$$00000000) refers (Special) to entry9a.o(.ARM.Collect$$$$0000000B) for _main_init
    entry.o(.ARM.Collect$$$$00000000) refers (Special) to entry5.o(.ARM.Collect$$$$00000004) for _main_scatterload
    entry.o(.ARM.Collect$$$$00000000) refers (Special) to entry2.o(.ARM.Collect$$$$00000001) for _main_stk
    fadd.o(.text) refers (Special) to iusefp.o(.text) for __I$use$fp
    fadd.o(.text) refers to fepilogue.o(.text) for _float_epilogue
    fmul.o(.text) refers (Special) to iusefp.o(.text) for __I$use$fp
    fdiv.o(.text) refers (Special) to iusefp.o(.text) for __I$use$fp
    fdiv.o(.text) refers to fepilogue.o(.text) for _float_round
    dmul.o(.text) refers (Special) to iusefp.o(.text) for __I$use$fp
    dmul.o(.text) refers to depilogue.o(.text) for _double_epilogue
    ddiv.o(.text) refers (Special) to iusefp.o(.text) for __I$use$fp
    ddiv.o(.text) refers to depilogue.o(.text) for _double_round
    ffltui.o(.text) refers (Special) to iusefp.o(.text) for __I$use$fp
    ffltui.o(.text) refers to fepilogue.o(.text) for _float_epilogue
    dfltui.o(.text) refers (Special) to iusefp.o(.text) for __I$use$fp
    dfltui.o(.text) refers to depilogue.o(.text) for _double_epilogue
    ffixui.o(.text) refers (Special) to iusefp.o(.text) for __I$use$fp
    d2f.o(.text) refers (Special) to iusefp.o(.text) for __I$use$fp
    d2f.o(.text) refers to fepilogue.o(.text) for _float_round
    entry2.o(.ARM.Collect$$$$00000001) refers to entry2.o(.ARM.Collect$$$$00002712) for __lit__00000000
    entry2.o(.ARM.Collect$$$$00002712) refers to startup_stm32f10x_hd.o(STACK) for __initial_sp
    entry2.o(__vectab_stack_and_reset_area) refers to startup_stm32f10x_hd.o(STACK) for __initial_sp
    entry2.o(__vectab_stack_and_reset_area) refers to entry.o(.ARM.Collect$$$$00000000) for __main
    entry5.o(.ARM.Collect$$$$00000004) refers to init.o(.text) for __scatterload
    entry9a.o(.ARM.Collect$$$$0000000B) refers to mian.o(i.main) for main
    entry9b.o(.ARM.Collect$$$$0000000C) refers to mian.o(i.main) for main
    depilogue.o(.text) refers to llshl.o(.text) for __aeabi_llsl
    depilogue.o(.text) refers to llushr.o(.text) for __aeabi_llsr
    init.o(.text) refers to entry5.o(.ARM.Collect$$$$00000004) for __main_after_scatterload


==============================================================================

Removing Unused input sections from the image.

    Removing usart1.o(i.PcTx_String), (22 bytes).
    Removing usart1.o(i.Task_Pc), (44 bytes).
    Removing usart1.o(i._sys_exit), (8 bytes).
    Removing usart1.o(i.fputc), (28 bytes).
    Removing usart3.o(i.PcTx_Byte3), (28 bytes).
    Removing usart3.o(i.PcTx_String3), (22 bytes).
    Removing usart3.o(i.PcTx_String3x), (36 bytes).
    Removing usart3.o(i.Task_Pc3), (44 bytes).
    Removing usart3.o(i.usart3_init), (416 bytes).
    Removing usart2.o(i.PcTx_Byte2), (28 bytes).
    Removing usart2.o(i.PcTx_String2), (22 bytes).
    Removing usart2.o(i.Task_Pc2), (104 bytes).
    Removing usart2.o(i.set), (38 bytes).
    Removing usart2.o(i.usart2_init), (412 bytes).
    Removing delay.o(i.delay_us), (60 bytes).
    Removing sys.o(.emb_text), (6 bytes).
    Removing sys.o(i.Ex_NVIC_Config), (160 bytes).
    Removing sys.o(i.INTX_DISABLE), (4 bytes).
    Removing sys.o(i.INTX_ENABLE), (4 bytes).
    Removing sys.o(i.JTAG_Set), (48 bytes).
    Removing sys.o(i.MY_NVIC_Init), (120 bytes).
    Removing sys.o(i.MY_NVIC_PriorityGroupConfig), (40 bytes).
    Removing sys.o(i.Sys_Soft_Reset), (16 bytes).
    Removing sys.o(i.Sys_Standby), (76 bytes).
    Removing sys.o(i.WFI_SET), (4 bytes).
    Removing startup_stm32f10x_hd.o(HEAP), (512 bytes).
    Removing system_stm32f10x.o(i.SystemCoreClockUpdate), (164 bytes).
    Removing system_stm32f10x.o(.data), (20 bytes).

28 unused section(s) (total 2486 bytes) removed from the image.

==============================================================================

Image Symbol Table

    Local Symbols

    Symbol Name                              Value     Ov Type        Size  Object(Section)

    ../clib/microlib/init/entry.s            0x00000000   Number         0  entry5.o ABSOLUTE
    ../clib/microlib/init/entry.s            0x00000000   Number         0  entry2.o ABSOLUTE
    ../clib/microlib/init/entry.s            0x00000000   Number         0  entry11b.o ABSOLUTE
    ../clib/microlib/init/entry.s            0x00000000   Number         0  entry.o ABSOLUTE
    ../clib/microlib/init/entry.s            0x00000000   Number         0  entry11a.o ABSOLUTE
    ../clib/microlib/init/entry.s            0x00000000   Number         0  entry10b.o ABSOLUTE
    ../clib/microlib/init/entry.s            0x00000000   Number         0  entry10a.o ABSOLUTE
    ../clib/microlib/init/entry.s            0x00000000   Number         0  entry9b.o ABSOLUTE
    ../clib/microlib/init/entry.s            0x00000000   Number         0  entry9a.o ABSOLUTE
    ../clib/microlib/init/entry.s            0x00000000   Number         0  entry8b.o ABSOLUTE
    ../clib/microlib/init/entry.s            0x00000000   Number         0  entry8a.o ABSOLUTE
    ../clib/microlib/init/entry.s            0x00000000   Number         0  entry7b.o ABSOLUTE
    ../clib/microlib/init/entry.s            0x00000000   Number         0  entry7a.o ABSOLUTE
    ../clib/microlib/longlong.c              0x00000000   Number         0  llushr.o ABSOLUTE
    ../clib/microlib/longlong.c              0x00000000   Number         0  llshl.o ABSOLUTE
    ../clib/microlib/string/memset.c         0x00000000   Number         0  memseta.o ABSOLUTE
    ../clib/microlib/stubs.s                 0x00000000   Number         0  iusefp.o ABSOLUTE
    ../clib/microlib/stubs.s                 0x00000000   Number         0  useno.o ABSOLUTE
    ../fplib/microlib/d2f.c                  0x00000000   Number         0  d2f.o ABSOLUTE
    ../fplib/microlib/fpadd.c                0x00000000   Number         0  fadd.o ABSOLUTE
    ../fplib/microlib/fpdiv.c                0x00000000   Number         0  ddiv.o ABSOLUTE
    ../fplib/microlib/fpdiv.c                0x00000000   Number         0  fdiv.o ABSOLUTE
    ../fplib/microlib/fpepilogue.c           0x00000000   Number         0  depilogue.o ABSOLUTE
    ../fplib/microlib/fpepilogue.c           0x00000000   Number         0  fepilogue.o ABSOLUTE
    ../fplib/microlib/fpfix.c                0x00000000   Number         0  ffixui.o ABSOLUTE
    ../fplib/microlib/fpflt.c                0x00000000   Number         0  dfltui.o ABSOLUTE
    ../fplib/microlib/fpflt.c                0x00000000   Number         0  ffltui.o ABSOLUTE
    ../fplib/microlib/fpmul.c                0x00000000   Number         0  dmul.o ABSOLUTE
    ../fplib/microlib/fpmul.c                0x00000000   Number         0  fmul.o ABSOLUTE
    RTE\Device\STM32F103RC\startup_stm32f10x_hd.s 0x00000000   Number         0  startup_stm32f10x_hd.o ABSOLUTE
    RTE\Device\STM32F103RC\system_stm32f10x.c 0x00000000   Number         0  system_stm32f10x.o ABSOLUTE
    USER\\src\\sys.c                         0x00000000   Number         0  sys.o ABSOLUTE
    USER\src\ANO.c                           0x00000000   Number         0  ano.o ABSOLUTE
    USER\src\adc.c                           0x00000000   Number         0  adc.o ABSOLUTE
    USER\src\delay.c                         0x00000000   Number         0  delay.o ABSOLUTE
    USER\src\mian.c                          0x00000000   Number         0  mian.o ABSOLUTE
    USER\src\sys.c                           0x00000000   Number         0  sys.o ABSOLUTE
    USER\src\tim2.c                          0x00000000   Number         0  tim2.o ABSOLUTE
    USER\src\usart1.c                        0x00000000   Number         0  usart1.o ABSOLUTE
    USER\src\usart2.c                        0x00000000   Number         0  usart2.o ABSOLUTE
    USER\src\usart3.c                        0x00000000   Number         0  usart3.o ABSOLUTE
    dc.s                                     0x00000000   Number         0  dc.o ABSOLUTE
    handlers.s                               0x00000000   Number         0  handlers.o ABSOLUTE
    init.s                                   0x00000000   Number         0  init.o ABSOLUTE
    RESET                                    0x08000000   Section      304  startup_stm32f10x_hd.o(RESET)
    .ARM.Collect$$$$00000000                 0x08000130   Section        0  entry.o(.ARM.Collect$$$$00000000)
    .ARM.Collect$$$$00000001                 0x08000130   Section        4  entry2.o(.ARM.Collect$$$$00000001)
    .ARM.Collect$$$$00000004                 0x08000134   Section        4  entry5.o(.ARM.Collect$$$$00000004)
    .ARM.Collect$$$$00000008                 0x08000138   Section        0  entry7b.o(.ARM.Collect$$$$00000008)
    .ARM.Collect$$$$0000000A                 0x08000138   Section        0  entry8b.o(.ARM.Collect$$$$0000000A)
    .ARM.Collect$$$$0000000B                 0x08000138   Section        8  entry9a.o(.ARM.Collect$$$$0000000B)
    .ARM.Collect$$$$0000000D                 0x08000140   Section        0  entry10a.o(.ARM.Collect$$$$0000000D)
    .ARM.Collect$$$$0000000F                 0x08000140   Section        0  entry11a.o(.ARM.Collect$$$$0000000F)
    .ARM.Collect$$$$00002712                 0x08000140   Section        4  entry2.o(.ARM.Collect$$$$00002712)
    __lit__00000000                          0x08000140   Data           4  entry2.o(.ARM.Collect$$$$00002712)
    .text                                    0x08000144   Section       36  startup_stm32f10x_hd.o(.text)
    .text                                    0x08000168   Section        0  memseta.o(.text)
    .text                                    0x0800018c   Section        0  fadd.o(.text)
    .text                                    0x0800023c   Section        0  fmul.o(.text)
    .text                                    0x080002a0   Section        0  fdiv.o(.text)
    .text                                    0x0800031c   Section        0  dmul.o(.text)
    .text                                    0x08000400   Section        0  ddiv.o(.text)
    .text                                    0x080004de   Section        0  ffltui.o(.text)
    .text                                    0x080004e8   Section        0  dfltui.o(.text)
    .text                                    0x08000502   Section        0  ffixui.o(.text)
    .text                                    0x0800052a   Section        0  d2f.o(.text)
    .text                                    0x08000562   Section        0  fepilogue.o(.text)
    .text                                    0x08000562   Section        0  iusefp.o(.text)
    .text                                    0x080005d0   Section        0  depilogue.o(.text)
    .text                                    0x0800068c   Section       36  init.o(.text)
    .text                                    0x080006b0   Section        0  llshl.o(.text)
    .text                                    0x080006ce   Section        0  llushr.o(.text)
    i.ANO_report                             0x080006ee   Section        0  ano.o(i.ANO_report)
    i.ANO_send                               0x08000770   Section        0  ano.o(i.ANO_send)
    i.Adc_Init                               0x080007c8   Section        0  adc.o(i.Adc_Init)
    i.Get_Adc                                0x0800090c   Section        0  adc.o(i.Get_Adc)
    i.Get_Adc_Average                        0x08000950   Section        0  adc.o(i.Get_Adc_Average)
    i.MYRCC_DeInit                           0x08000974   Section        0  sys.o(i.MYRCC_DeInit)
    i.MY_NVIC_SetVectorTable                 0x080009dc   Section        0  sys.o(i.MY_NVIC_SetVectorTable)
    i.PcTx_Byte                              0x080009f0   Section        0  usart1.o(i.PcTx_Byte)
    i.ReadCount                              0x08000a0c   Section        0  mian.o(i.ReadCount)
    i.SetSysClock                            0x08000a9c   Section        0  system_stm32f10x.o(i.SetSysClock)
    SetSysClock                              0x08000a9d   Thumb Code     8  system_stm32f10x.o(i.SetSysClock)
    i.SetSysClockTo72                        0x08000aa4   Section        0  system_stm32f10x.o(i.SetSysClockTo72)
    SetSysClockTo72                          0x08000aa5   Thumb Code   214  system_stm32f10x.o(i.SetSysClockTo72)
    i.Stm32_Clock_Init                       0x08000b84   Section        0  sys.o(i.Stm32_Clock_Init)
    i.SystemInit                             0x08000c14   Section        0  system_stm32f10x.o(i.SystemInit)
    i.TIM2_IRQHandler                        0x08000c74   Section        0  tim2.o(i.TIM2_IRQHandler)
    i.USART1_IRQHandler                      0x08000c8c   Section        0  usart1.o(i.USART1_IRQHandler)
    i.USART2_IRQHandler                      0x08000cdc   Section        0  usart2.o(i.USART2_IRQHandler)
    i.USART3_IRQHandler                      0x08000d2c   Section        0  usart3.o(i.USART3_IRQHandler)
    i.__scatterload_copy                     0x08000d7c   Section       14  handlers.o(i.__scatterload_copy)
    i.__scatterload_null                     0x08000d8a   Section        2  handlers.o(i.__scatterload_null)
    i.__scatterload_zeroinit                 0x08000d8c   Section       14  handlers.o(i.__scatterload_zeroinit)
    i.delay_init                             0x08000d9c   Section        0  delay.o(i.delay_init)
    i.delay_ms                               0x08000ddc   Section        0  delay.o(i.delay_ms)
    i.init_tim2                              0x08000e18   Section        0  tim2.o(i.init_tim2)
    i.main                                   0x08000e64   Section        0  mian.o(i.main)
    i.usart_init                             0x08000f10   Section        0  usart1.o(i.usart_init)
    .data                                    0x20000000   Section       12  usart1.o(.data)
    .data                                    0x2000000c   Section        1  tim2.o(.data)
    .data                                    0x2000000e   Section        6  usart3.o(.data)
    .data                                    0x20000014   Section        8  usart2.o(.data)
    .data                                    0x2000001c   Section        4  delay.o(.data)
    fac_us                                   0x2000001c   Data           1  delay.o(.data)
    fac_ms                                   0x2000001e   Data           2  delay.o(.data)
    .bss                                     0x20000020   Section      512  usart1.o(.bss)
    .bss                                     0x20000220   Section      512  usart3.o(.bss)
    .bss                                     0x20000420   Section      512  usart2.o(.bss)
    STACK                                    0x20000620   Section     1024  startup_stm32f10x_hd.o(STACK)

    Global Symbols

    Symbol Name                              Value     Ov Type        Size  Object(Section)

    BuildAttributes$$THM_ISAv4$P$D$K$B$S$PE$A:L22UL41UL21$X:L11$S22US41US21$IEEE1$IW$USESV6$~STKCKD$USESV7$~SHL$OTIME$ROPI$EBA8$MICROLIB$REQ8$PRES8$EABIv2 0x00000000   Number         0  anon$$obj.o ABSOLUTE
    __ARM_use_no_argv                        0x00000000   Number         0  mian.o ABSOLUTE
    __use_no_errno                           0x00000000   Number         0  useno.o ABSOLUTE
    __use_no_exception_handling              0x00000000   Number         0  useno.o ABSOLUTE
    __use_no_fp                              0x00000000   Number         0  useno.o ABSOLUTE
    __use_no_heap                            0x00000000   Number         0  useno.o ABSOLUTE
    __use_no_heap_region                     0x00000000   Number         0  useno.o ABSOLUTE
    __use_no_semihosting                     0x00000000   Number         0  useno.o ABSOLUTE
    __use_no_semihosting_swi                 0x00000000   Number         0  useno.o ABSOLUTE
    __use_no_signal_handling                 0x00000000   Number         0  useno.o ABSOLUTE
    __cpp_initialize__aeabi_                  - Undefined Weak Reference
    __cxa_finalize                            - Undefined Weak Reference
    __decompress                              - Undefined Weak Reference
    _clock_init                               - Undefined Weak Reference
    _microlib_exit                            - Undefined Weak Reference
    __Vectors_Size                           0x00000130   Number         0  startup_stm32f10x_hd.o ABSOLUTE
    __Vectors                                0x08000000   Data           4  startup_stm32f10x_hd.o(RESET)
    __Vectors_End                            0x08000130   Data           0  startup_stm32f10x_hd.o(RESET)
    __main                                   0x08000131   Thumb Code     0  entry.o(.ARM.Collect$$$$00000000)
    _main_stk                                0x08000131   Thumb Code     0  entry2.o(.ARM.Collect$$$$00000001)
    _main_scatterload                        0x08000135   Thumb Code     0  entry5.o(.ARM.Collect$$$$00000004)
    __main_after_scatterload                 0x08000139   Thumb Code     0  entry5.o(.ARM.Collect$$$$00000004)
    _main_clock                              0x08000139   Thumb Code     0  entry7b.o(.ARM.Collect$$$$00000008)
    _main_cpp_init                           0x08000139   Thumb Code     0  entry8b.o(.ARM.Collect$$$$0000000A)
    _main_init                               0x08000139   Thumb Code     0  entry9a.o(.ARM.Collect$$$$0000000B)
    __rt_final_cpp                           0x08000141   Thumb Code     0  entry10a.o(.ARM.Collect$$$$0000000D)
    __rt_final_exit                          0x08000141   Thumb Code     0  entry11a.o(.ARM.Collect$$$$0000000F)
    Reset_Handler                            0x08000145   Thumb Code     8  startup_stm32f10x_hd.o(.text)
    NMI_Handler                              0x0800014d   Thumb Code     2  startup_stm32f10x_hd.o(.text)
    HardFault_Handler                        0x0800014f   Thumb Code     2  startup_stm32f10x_hd.o(.text)
    MemManage_Handler                        0x08000151   Thumb Code     2  startup_stm32f10x_hd.o(.text)
    BusFault_Handler                         0x08000153   Thumb Code     2  startup_stm32f10x_hd.o(.text)
    UsageFault_Handler                       0x08000155   Thumb Code     2  startup_stm32f10x_hd.o(.text)
    SVC_Handler                              0x08000157   Thumb Code     2  startup_stm32f10x_hd.o(.text)
    DebugMon_Handler                         0x08000159   Thumb Code     2  startup_stm32f10x_hd.o(.text)
    PendSV_Handler                           0x0800015b   Thumb Code     2  startup_stm32f10x_hd.o(.text)
    SysTick_Handler                          0x0800015d   Thumb Code     2  startup_stm32f10x_hd.o(.text)
    ADC1_2_IRQHandler                        0x0800015f   Thumb Code     0  startup_stm32f10x_hd.o(.text)
    ADC3_IRQHandler                          0x0800015f   Thumb Code     0  startup_stm32f10x_hd.o(.text)
    CAN1_RX1_IRQHandler                      0x0800015f   Thumb Code     0  startup_stm32f10x_hd.o(.text)
    CAN1_SCE_IRQHandler                      0x0800015f   Thumb Code     0  startup_stm32f10x_hd.o(.text)
    DMA1_Channel1_IRQHandler                 0x0800015f   Thumb Code     0  startup_stm32f10x_hd.o(.text)
    DMA1_Channel2_IRQHandler                 0x0800015f   Thumb Code     0  startup_stm32f10x_hd.o(.text)
    DMA1_Channel3_IRQHandler                 0x0800015f   Thumb Code     0  startup_stm32f10x_hd.o(.text)
    DMA1_Channel4_IRQHandler                 0x0800015f   Thumb Code     0  startup_stm32f10x_hd.o(.text)
    DMA1_Channel5_IRQHandler                 0x0800015f   Thumb Code     0  startup_stm32f10x_hd.o(.text)
    DMA1_Channel6_IRQHandler                 0x0800015f   Thumb Code     0  startup_stm32f10x_hd.o(.text)
    DMA1_Channel7_IRQHandler                 0x0800015f   Thumb Code     0  startup_stm32f10x_hd.o(.text)
    DMA2_Channel1_IRQHandler                 0x0800015f   Thumb Code     0  startup_stm32f10x_hd.o(.text)
    DMA2_Channel2_IRQHandler                 0x0800015f   Thumb Code     0  startup_stm32f10x_hd.o(.text)
    DMA2_Channel3_IRQHandler                 0x0800015f   Thumb Code     0  startup_stm32f10x_hd.o(.text)
    DMA2_Channel4_5_IRQHandler               0x0800015f   Thumb Code     0  startup_stm32f10x_hd.o(.text)
    EXTI0_IRQHandler                         0x0800015f   Thumb Code     0  startup_stm32f10x_hd.o(.text)
    EXTI15_10_IRQHandler                     0x0800015f   Thumb Code     0  startup_stm32f10x_hd.o(.text)
    EXTI1_IRQHandler                         0x0800015f   Thumb Code     0  startup_stm32f10x_hd.o(.text)
    EXTI2_IRQHandler                         0x0800015f   Thumb Code     0  startup_stm32f10x_hd.o(.text)
    EXTI3_IRQHandler                         0x0800015f   Thumb Code     0  startup_stm32f10x_hd.o(.text)
    EXTI4_IRQHandler                         0x0800015f   Thumb Code     0  startup_stm32f10x_hd.o(.text)
    EXTI9_5_IRQHandler                       0x0800015f   Thumb Code     0  startup_stm32f10x_hd.o(.text)
    FLASH_IRQHandler                         0x0800015f   Thumb Code     0  startup_stm32f10x_hd.o(.text)
    FSMC_IRQHandler                          0x0800015f   Thumb Code     0  startup_stm32f10x_hd.o(.text)
    I2C1_ER_IRQHandler                       0x0800015f   Thumb Code     0  startup_stm32f10x_hd.o(.text)
    I2C1_EV_IRQHandler                       0x0800015f   Thumb Code     0  startup_stm32f10x_hd.o(.text)
    I2C2_ER_IRQHandler                       0x0800015f   Thumb Code     0  startup_stm32f10x_hd.o(.text)
    I2C2_EV_IRQHandler                       0x0800015f   Thumb Code     0  startup_stm32f10x_hd.o(.text)
    PVD_IRQHandler                           0x0800015f   Thumb Code     0  startup_stm32f10x_hd.o(.text)
    RCC_IRQHandler                           0x0800015f   Thumb Code     0  startup_stm32f10x_hd.o(.text)
    RTCAlarm_IRQHandler                      0x0800015f   Thumb Code     0  startup_stm32f10x_hd.o(.text)
    RTC_IRQHandler                           0x0800015f   Thumb Code     0  startup_stm32f10x_hd.o(.text)
    SDIO_IRQHandler                          0x0800015f   Thumb Code     0  startup_stm32f10x_hd.o(.text)
    SPI1_IRQHandler                          0x0800015f   Thumb Code     0  startup_stm32f10x_hd.o(.text)
    SPI2_IRQHandler                          0x0800015f   Thumb Code     0  startup_stm32f10x_hd.o(.text)
    SPI3_IRQHandler                          0x0800015f   Thumb Code     0  startup_stm32f10x_hd.o(.text)
    TAMPER_IRQHandler                        0x0800015f   Thumb Code     0  startup_stm32f10x_hd.o(.text)
    TIM1_BRK_IRQHandler                      0x0800015f   Thumb Code     0  startup_stm32f10x_hd.o(.text)
    TIM1_CC_IRQHandler                       0x0800015f   Thumb Code     0  startup_stm32f10x_hd.o(.text)
    TIM1_TRG_COM_IRQHandler                  0x0800015f   Thumb Code     0  startup_stm32f10x_hd.o(.text)
    TIM1_UP_IRQHandler                       0x0800015f   Thumb Code     0  startup_stm32f10x_hd.o(.text)
    TIM3_IRQHandler                          0x0800015f   Thumb Code     0  startup_stm32f10x_hd.o(.text)
    TIM4_IRQHandler                          0x0800015f   Thumb Code     0  startup_stm32f10x_hd.o(.text)
    TIM5_IRQHandler                          0x0800015f   Thumb Code     0  startup_stm32f10x_hd.o(.text)
    TIM6_IRQHandler                          0x0800015f   Thumb Code     0  startup_stm32f10x_hd.o(.text)
    TIM7_IRQHandler                          0x0800015f   Thumb Code     0  startup_stm32f10x_hd.o(.text)
    TIM8_BRK_IRQHandler                      0x0800015f   Thumb Code     0  startup_stm32f10x_hd.o(.text)
    TIM8_CC_IRQHandler                       0x0800015f   Thumb Code     0  startup_stm32f10x_hd.o(.text)
    TIM8_TRG_COM_IRQHandler                  0x0800015f   Thumb Code     0  startup_stm32f10x_hd.o(.text)
    TIM8_UP_IRQHandler                       0x0800015f   Thumb Code     0  startup_stm32f10x_hd.o(.text)
    UART4_IRQHandler                         0x0800015f   Thumb Code     0  startup_stm32f10x_hd.o(.text)
    UART5_IRQHandler                         0x0800015f   Thumb Code     0  startup_stm32f10x_hd.o(.text)
    USBWakeUp_IRQHandler                     0x0800015f   Thumb Code     0  startup_stm32f10x_hd.o(.text)
    USB_HP_CAN1_TX_IRQHandler                0x0800015f   Thumb Code     0  startup_stm32f10x_hd.o(.text)
    USB_LP_CAN1_RX0_IRQHandler               0x0800015f   Thumb Code     0  startup_stm32f10x_hd.o(.text)
    WWDG_IRQHandler                          0x0800015f   Thumb Code     0  startup_stm32f10x_hd.o(.text)
    __aeabi_memset                           0x08000169   Thumb Code    14  memseta.o(.text)
    __aeabi_memset4                          0x08000169   Thumb Code     0  memseta.o(.text)
    __aeabi_memset8                          0x08000169   Thumb Code     0  memseta.o(.text)
    __aeabi_memclr                           0x08000177   Thumb Code     4  memseta.o(.text)
    __aeabi_memclr4                          0x08000177   Thumb Code     0  memseta.o(.text)
    __aeabi_memclr8                          0x08000177   Thumb Code     0  memseta.o(.text)
    _memset$wrapper                          0x0800017b   Thumb Code    18  memseta.o(.text)
    __aeabi_fadd                             0x0800018d   Thumb Code   164  fadd.o(.text)
    __aeabi_fsub                             0x08000231   Thumb Code     6  fadd.o(.text)
    __aeabi_frsub                            0x08000237   Thumb Code     6  fadd.o(.text)
    __aeabi_fmul                             0x0800023d   Thumb Code   100  fmul.o(.text)
    __aeabi_fdiv                             0x080002a1   Thumb Code   124  fdiv.o(.text)
    __aeabi_dmul                             0x0800031d   Thumb Code   228  dmul.o(.text)
    __aeabi_ddiv                             0x08000401   Thumb Code   222  ddiv.o(.text)
    __aeabi_ui2f                             0x080004df   Thumb Code    10  ffltui.o(.text)
    __aeabi_ui2d                             0x080004e9   Thumb Code    26  dfltui.o(.text)
    __aeabi_f2uiz                            0x08000503   Thumb Code    40  ffixui.o(.text)
    __aeabi_d2f                              0x0800052b   Thumb Code    56  d2f.o(.text)
    __I$use$fp                               0x08000563   Thumb Code     0  iusefp.o(.text)
    _float_round                             0x08000563   Thumb Code    18  fepilogue.o(.text)
    _float_epilogue                          0x08000575   Thumb Code    92  fepilogue.o(.text)
    _double_round                            0x080005d1   Thumb Code    30  depilogue.o(.text)
    _double_epilogue                         0x080005ef   Thumb Code   156  depilogue.o(.text)
    __scatterload                            0x0800068d   Thumb Code    28  init.o(.text)
    __scatterload_rt2                        0x0800068d   Thumb Code     0  init.o(.text)
    __aeabi_llsl                             0x080006b1   Thumb Code    30  llshl.o(.text)
    _ll_shift_l                              0x080006b1   Thumb Code     0  llshl.o(.text)
    __aeabi_llsr                             0x080006cf   Thumb Code    32  llushr.o(.text)
    _ll_ushift_r                             0x080006cf   Thumb Code     0  llushr.o(.text)
    ANO_report                               0x080006ef   Thumb Code   130  ano.o(i.ANO_report)
    ANO_send                                 0x08000771   Thumb Code    88  ano.o(i.ANO_send)
    Adc_Init                                 0x080007c9   Thumb Code   296  adc.o(i.Adc_Init)
    Get_Adc                                  0x0800090d   Thumb Code    64  adc.o(i.Get_Adc)
    Get_Adc_Average                          0x08000951   Thumb Code    36  adc.o(i.Get_Adc_Average)
    MYRCC_DeInit                             0x08000975   Thumb Code    90  sys.o(i.MYRCC_DeInit)
    MY_NVIC_SetVectorTable                   0x080009dd   Thumb Code    12  sys.o(i.MY_NVIC_SetVectorTable)
    PcTx_Byte                                0x080009f1   Thumb Code    22  usart1.o(i.PcTx_Byte)
    ReadCount                                0x08000a0d   Thumb Code   128  mian.o(i.ReadCount)
    Stm32_Clock_Init                         0x08000b85   Thumb Code   134  sys.o(i.Stm32_Clock_Init)
    SystemInit                               0x08000c15   Thumb Code    78  system_stm32f10x.o(i.SystemInit)
    TIM2_IRQHandler                          0x08000c75   Thumb Code    20  tim2.o(i.TIM2_IRQHandler)
    USART1_IRQHandler                        0x08000c8d   Thumb Code    58  usart1.o(i.USART1_IRQHandler)
    USART2_IRQHandler                        0x08000cdd   Thumb Code    58  usart2.o(i.USART2_IRQHandler)
    USART3_IRQHandler                        0x08000d2d   Thumb Code    58  usart3.o(i.USART3_IRQHandler)
    __scatterload_copy                       0x08000d7d   Thumb Code    14  handlers.o(i.__scatterload_copy)
    __scatterload_null                       0x08000d8b   Thumb Code     2  handlers.o(i.__scatterload_null)
    __scatterload_zeroinit                   0x08000d8d   Thumb Code    14  handlers.o(i.__scatterload_zeroinit)
    delay_init                               0x08000d9d   Thumb Code    56  delay.o(i.delay_init)
    delay_ms                                 0x08000ddd   Thumb Code    56  delay.o(i.delay_ms)
    init_tim2                                0x08000e19   Thumb Code    72  tim2.o(i.init_tim2)
    main                                     0x08000e65   Thumb Code   152  mian.o(i.main)
    usart_init                               0x08000f11   Thumb Code   390  usart1.o(i.usart_init)
    Region$$Table$$Base                      0x080010b0   Number         0  anon$$obj.o(Region$$Table)
    Region$$Table$$Limit                     0x080010d0   Number         0  anon$$obj.o(Region$$Table)
    Rx_End                                   0x20000000   Data           2  usart1.o(.data)
    Rx_Len                                   0x20000002   Data           2  usart1.o(.data)
    Rx_Tm                                    0x20000004   Data           2  usart1.o(.data)
    __stdout                                 0x20000008   Data           4  usart1.o(.data)
    send_flag                                0x2000000c   Data           1  tim2.o(.data)
    Rx_End3                                  0x2000000e   Data           2  usart3.o(.data)
    Rx_Len3                                  0x20000010   Data           2  usart3.o(.data)
    Rx_Tm3                                   0x20000012   Data           2  usart3.o(.data)
    is_xspeed                                0x20000014   Data           1  usart2.o(.data)
    Rx_End2                                  0x20000016   Data           2  usart2.o(.data)
    Rx_Len2                                  0x20000018   Data           2  usart2.o(.data)
    Rx_Tm2                                   0x2000001a   Data           2  usart2.o(.data)
    Rx_Buf                                   0x20000020   Data         512  usart1.o(.bss)
    Rx_Buf3                                  0x20000220   Data         512  usart3.o(.bss)
    Rx_Buf2                                  0x20000420   Data         512  usart2.o(.bss)
    __initial_sp                             0x20000a20   Data           0  startup_stm32f10x_hd.o(STACK)



==============================================================================

Memory Map of the image

  Image Entry point : 0x08000131

  Load Region LR_IROM1 (Base: 0x08000000, Size: 0x000010f0, Max: 0x00040000, ABSOLUTE)

    Execution Region ER_IROM1 (Exec base: 0x08000000, Load base: 0x08000000, Size: 0x000010d0, Max: 0x00040000, ABSOLUTE)

    Exec Addr    Load Addr    Size         Type   Attr      Idx    E Section Name        Object

    0x08000000   0x08000000   0x00000130   Data   RO          437    RESET               startup_stm32f10x_hd.o
    0x08000130   0x08000130   0x00000000   Code   RO          476  * .ARM.Collect$$$$00000000  mc_w.l(entry.o)
    0x08000130   0x08000130   0x00000004   Code   RO          499    .ARM.Collect$$$$00000001  mc_w.l(entry2.o)
    0x08000134   0x08000134   0x00000004   Code   RO          502    .ARM.Collect$$$$00000004  mc_w.l(entry5.o)
    0x08000138   0x08000138   0x00000000   Code   RO          504    .ARM.Collect$$$$00000008  mc_w.l(entry7b.o)
    0x08000138   0x08000138   0x00000000   Code   RO          506    .ARM.Collect$$$$0000000A  mc_w.l(entry8b.o)
    0x08000138   0x08000138   0x00000008   Code   RO          507    .ARM.Collect$$$$0000000B  mc_w.l(entry9a.o)
    0x08000140   0x08000140   0x00000000   Code   RO          509    .ARM.Collect$$$$0000000D  mc_w.l(entry10a.o)
    0x08000140   0x08000140   0x00000000   Code   RO          511    .ARM.Collect$$$$0000000F  mc_w.l(entry11a.o)
    0x08000140   0x08000140   0x00000004   Code   RO          500    .ARM.Collect$$$$00002712  mc_w.l(entry2.o)
    0x08000144   0x08000144   0x00000024   Code   RO          438    .text               startup_stm32f10x_hd.o
    0x08000168   0x08000168   0x00000024   Code   RO          479    .text               mc_w.l(memseta.o)
    0x0800018c   0x0800018c   0x000000b0   Code   RO          481    .text               mf_w.l(fadd.o)
    0x0800023c   0x0800023c   0x00000064   Code   RO          483    .text               mf_w.l(fmul.o)
    0x080002a0   0x080002a0   0x0000007c   Code   RO          485    .text               mf_w.l(fdiv.o)
    0x0800031c   0x0800031c   0x000000e4   Code   RO          487    .text               mf_w.l(dmul.o)
    0x08000400   0x08000400   0x000000de   Code   RO          489    .text               mf_w.l(ddiv.o)
    0x080004de   0x080004de   0x0000000a   Code   RO          491    .text               mf_w.l(ffltui.o)
    0x080004e8   0x080004e8   0x0000001a   Code   RO          493    .text               mf_w.l(dfltui.o)
    0x08000502   0x08000502   0x00000028   Code   RO          495    .text               mf_w.l(ffixui.o)
    0x0800052a   0x0800052a   0x00000038   Code   RO          497    .text               mf_w.l(d2f.o)
    0x08000562   0x08000562   0x00000000   Code   RO          513    .text               mc_w.l(iusefp.o)
    0x08000562   0x08000562   0x0000006e   Code   RO          514    .text               mf_w.l(fepilogue.o)
    0x080005d0   0x080005d0   0x000000ba   Code   RO          516    .text               mf_w.l(depilogue.o)
    0x0800068a   0x0800068a   0x00000002   PAD
    0x0800068c   0x0800068c   0x00000024   Code   RO          518    .text               mc_w.l(init.o)
    0x080006b0   0x080006b0   0x0000001e   Code   RO          520    .text               mc_w.l(llshl.o)
    0x080006ce   0x080006ce   0x00000020   Code   RO          522    .text               mc_w.l(llushr.o)
    0x080006ee   0x080006ee   0x00000082   Code   RO          396    i.ANO_report        ano.o
    0x08000770   0x08000770   0x00000058   Code   RO          397    i.ANO_send          ano.o
    0x080007c8   0x080007c8   0x00000144   Code   RO          263    i.Adc_Init          adc.o
    0x0800090c   0x0800090c   0x00000044   Code   RO          264    i.Get_Adc           adc.o
    0x08000950   0x08000950   0x00000024   Code   RO          265    i.Get_Adc_Average   adc.o
    0x08000974   0x08000974   0x00000068   Code   RO          318    i.MYRCC_DeInit      sys.o
    0x080009dc   0x080009dc   0x00000014   Code   RO          321    i.MY_NVIC_SetVectorTable  sys.o
    0x080009f0   0x080009f0   0x0000001c   Code   RO           67    i.PcTx_Byte         usart1.o
    0x08000a0c   0x08000a0c   0x00000090   Code   RO            1    i.ReadCount         mian.o
    0x08000a9c   0x08000a9c   0x00000008   Code   RO          442    i.SetSysClock       system_stm32f10x.o
    0x08000aa4   0x08000aa4   0x000000e0   Code   RO          443    i.SetSysClockTo72   system_stm32f10x.o
    0x08000b84   0x08000b84   0x00000090   Code   RO          322    i.Stm32_Clock_Init  sys.o
    0x08000c14   0x08000c14   0x00000060   Code   RO          445    i.SystemInit        system_stm32f10x.o
    0x08000c74   0x08000c74   0x00000018   Code   RO          133    i.TIM2_IRQHandler   tim2.o
    0x08000c8c   0x08000c8c   0x00000050   Code   RO           70    i.USART1_IRQHandler  usart1.o
    0x08000cdc   0x08000cdc   0x00000050   Code   RO          213    i.USART2_IRQHandler  usart2.o
    0x08000d2c   0x08000d2c   0x00000050   Code   RO          165    i.USART3_IRQHandler  usart3.o
    0x08000d7c   0x08000d7c   0x0000000e   Code   RO          526    i.__scatterload_copy  mc_w.l(handlers.o)
    0x08000d8a   0x08000d8a   0x00000002   Code   RO          527    i.__scatterload_null  mc_w.l(handlers.o)
    0x08000d8c   0x08000d8c   0x0000000e   Code   RO          528    i.__scatterload_zeroinit  mc_w.l(handlers.o)
    0x08000d9a   0x08000d9a   0x00000002   PAD
    0x08000d9c   0x08000d9c   0x00000040   Code   RO          287    i.delay_init        delay.o
    0x08000ddc   0x08000ddc   0x0000003c   Code   RO          288    i.delay_ms          delay.o
    0x08000e18   0x08000e18   0x0000004c   Code   RO          134    i.init_tim2         tim2.o
    0x08000e64   0x08000e64   0x000000ac   Code   RO            2    i.main              mian.o
    0x08000f10   0x08000f10   0x000001a0   Code   RO           73    i.usart_init        usart1.o
    0x080010b0   0x080010b0   0x00000020   Data   RO          524    Region$$Table       anon$$obj.o


    Execution Region RW_IRAM1 (Exec base: 0x20000000, Load base: 0x080010d0, Size: 0x00000a20, Max: 0x0000c000, ABSOLUTE)

    Exec Addr    Load Addr    Size         Type   Attr      Idx    E Section Name        Object

    0x20000000   0x080010d0   0x0000000c   Data   RW           75    .data               usart1.o
    0x2000000c   0x080010dc   0x00000001   Data   RW          135    .data               tim2.o
    0x2000000d   0x080010dd   0x00000001   PAD
    0x2000000e   0x080010de   0x00000006   Data   RW          168    .data               usart3.o
    0x20000014   0x080010e4   0x00000008   Data   RW          217    .data               usart2.o
    0x2000001c   0x080010ec   0x00000004   Data   RW          290    .data               delay.o
    0x20000020        -       0x00000200   Zero   RW           74    .bss                usart1.o
    0x20000220        -       0x00000200   Zero   RW          167    .bss                usart3.o
    0x20000420        -       0x00000200   Zero   RW          216    .bss                usart2.o
    0x20000620        -       0x00000400   Zero   RW          435    STACK               startup_stm32f10x_hd.o


==============================================================================

Image component sizes


      Code (inc. data)   RO Data    RW Data    ZI Data      Debug   Object Name

       428         32          0          0          0       1483   adc.o
       218          0          0          0          0       2116   ano.o
       124         12          0          4          0       1028   delay.o
       316         36          0          0          0     208891   mian.o
        36          8        304          0       1024        780   startup_stm32f10x_hd.o
       268         32          0          0          0       1471   sys.o
       328         28          0          0          0       1821   system_stm32f10x.o
       100          8          0          1          0      16073   tim2.o
       524         54          0         12        512      18809   usart1.o
        80         22          0          8        512       1103   usart2.o
        80         22          0          6        512       1037   usart3.o

    ----------------------------------------------------------------------
      2502        254        336         32       2560     254612   Object Totals
         0          0         32          0          0          0   (incl. Generated)
         0          0          0          1          0          0   (incl. Padding)

    ----------------------------------------------------------------------

      Code (inc. data)   RO Data    RW Data    ZI Data      Debug   Library Member Name

         0          0          0          0          0          0   entry.o
         0          0          0          0          0          0   entry10a.o
         0          0          0          0          0          0   entry11a.o
         8          4          0          0          0          0   entry2.o
         4          0          0          0          0          0   entry5.o
         0          0          0          0          0          0   entry7b.o
         0          0          0          0          0          0   entry8b.o
         8          4          0          0          0          0   entry9a.o
        30          0          0          0          0          0   handlers.o
        36          8          0          0          0         68   init.o
         0          0          0          0          0          0   iusefp.o
        30          0          0          0          0         68   llshl.o
        32          0          0          0          0         68   llushr.o
        36          0          0          0          0        108   memseta.o
        56          0          0          0          0         88   d2f.o
       222          0          0          0          0        100   ddiv.o
       186          0          0          0          0        176   depilogue.o
        26          0          0          0          0         76   dfltui.o
       228          0          0          0          0         96   dmul.o
       176          0          0          0          0        140   fadd.o
       124          0          0          0          0         88   fdiv.o
       110          0          0          0          0        168   fepilogue.o
        40          0          0          0          0         68   ffixui.o
        10          0          0          0          0         68   ffltui.o
       100          0          0          0          0         76   fmul.o

    ----------------------------------------------------------------------
      1466         16          0          0          0       1456   Library Totals
         4          0          0          0          0          0   (incl. Padding)

    ----------------------------------------------------------------------

      Code (inc. data)   RO Data    RW Data    ZI Data      Debug   Library Name

       184         16          0          0          0        312   mc_w.l
      1278          0          0          0          0       1144   mf_w.l

    ----------------------------------------------------------------------
      1466         16          0          0          0       1456   Library Totals

    ----------------------------------------------------------------------

==============================================================================


      Code (inc. data)   RO Data    RW Data    ZI Data      Debug   

      3968        270        336         32       2560     254504   Grand Totals
      3968        270        336         32       2560     254504   ELF Image Totals
      3968        270        336         32          0          0   ROM Totals

==============================================================================

    Total RO  Size (Code + RO Data)                 4304 (   4.20kB)
    Total RW  Size (RW Data + ZI Data)              2592 (   2.53kB)
    Total ROM Size (Code + RO Data + RW Data)       4336 (   4.23kB)

==============================================================================

